
   FAIL  Tests\Feature\Backend\PostControllerTest
  ✓ it can list posts                                                    0.30s  
  ⨯ it can show the create post form                                     0.19s  
  ✓ it can store a post                                                  0.02s  
  ⨯ it can show the edit post form                                       0.11s  
  ✓ it can update a post                                                 0.01s  
  ✓ it can delete a post                                                 0.02s  
  ────────────────────────────────────────────────────────────────────────────  
   FAILED  Tests\Feature\Backend\PostControllerTest > it can show the create…   
  Expected response status code [200] but received 500.
Failed asserting that 500 is identical to 200.

The following exception occurred during the last request:

Livewire\Exceptions\ComponentNotFoundException: Unable to find component: [post-editor] in /Users/marksutherland/Sites/marksuth.dev/vendor/livewire/livewire/src/Mechanisms/ComponentRegistry.php:116
Stack trace:
#0 /Users/marksutherland/Sites/marksuth.dev/vendor/livewire/livewire/src/Mechanisms/ComponentRegistry.php(25): Livewire\Mechanisms\ComponentRegistry->getNameAndClass('post-editor')
#1 /Users/marksutherland/Sites/marksuth.dev/vendor/livewire/livewire/src/LivewireManager.php(58): Livewire\Mechanisms\ComponentRegistry->new('post-editor', NULL)
#2 /Users/marksutherland/Sites/marksuth.dev/vendor/livewire/livewire/src/Mechanisms/HandleComponents/HandleComponents.php(43): Livewire\LivewireManager->new('post-editor')
#3 /Users/marksutherland/Sites/marksuth.dev/vendor/livewire/livewire/src/LivewireManager.php(73): Livewire\Mechanisms\HandleComponents\HandleComponents->mount('post-editor', Array, 'lw-912373981-0')
#4 /Users/marksutherland/Sites/marksuth.dev/storage/framework/views/90cdead86b52b6999935a798616ca2bf.php(14): Livewire\LivewireManager->mount('post-editor', Array, 'lw-912373981-0')
#5 /Users/marksutherland/Sites/marksuth.dev/vendor/laravel/framework/src/Illuminate/Filesystem/Filesystem.php(123): require('/Users/marksuth...')
#6 /Users/marksutherland/Sites/marksuth.dev/vendor/laravel/framework/src/Illuminate/Filesystem/Filesystem.php(124): Illuminate\Filesystem\Filesystem::{closure:Illuminate\Filesystem\Filesystem::getRequire():120}()
#7 /Users/marksutherland/Sites/marksuth.dev/vendor/laravel/framework/src/Illuminate/View/Engines/PhpEngine.php(57): Illuminate\Filesystem\Filesystem->getRequire('/Users/marksuth...', Array)
#8 /Users/marksutherland/Sites/marksuth.dev/vendor/livewire/livewire/src/Mechanisms/ExtendBlade/ExtendedCompilerEngine.php(22): Illuminate\View\Engines\PhpEngine->evaluatePath('/Users/marksuth...', Array)
#9 /Users/marksutherland/Sites/marksuth.dev/vendor/laravel/framework/src/Illuminate/View/Engines/CompilerEngine.php(76): Livewire\Mechanisms\ExtendBlade\ExtendedCompilerEngine->evaluatePath('/Users/marksuth...', Array)
#10 /Users/marksutherland/Sites/marksuth.dev/vendor/livewire/livewire/src/Mechanisms/ExtendBlade/ExtendedCompilerEngine.php(10): Illuminate\View\Engines\CompilerEngine->get('/Users/marksuth...', Array)
#11 /Users/marksutherland/Sites/marksuth.dev/vendor/laravel/framework/src/Illuminate/View/View.php(208): Livewire\Mechanisms\ExtendBlade\ExtendedCompilerEngine->get('/Users/marksuth...', Array)
#12 /Users/marksutherland/Sites/marksuth.dev/vendor/laravel/framework/src/Illuminate/View/View.php(191): Illuminate\View\View->getContents()
#13 /Users/marksutherland/Sites/marksuth.dev/vendor/laravel/framework/src/Illuminate/View/View.php(160): Illuminate\View\View->renderContents()
#14 /Users/marksutherland/Sites/marksuth.dev/vendor/laravel/framework/src/Illuminate/Http/Response.php(78): Illuminate\View\View->render()
#15 /Users/marksutherland/Sites/marksuth.dev/vendor/laravel/framework/src/Illuminate/Http/Response.php(34): Illuminate\Http\Response->setContent(Object(Illuminate\View\View))
#16 /Users/marksutherland/Sites/marksuth.dev/vendor/laravel/framework/src/Illuminate/Routing/Router.php(939): Illuminate\Http\Response->__construct(Object(Illuminate\View\View), 200, Array)
#17 /Users/marksutherland/Sites/marksuth.dev/vendor/laravel/framework/src/Illuminate/Routing/Router.php(906): Illuminate\Routing\Router::toResponse(Object(Illuminate\Http\Request), Object(Illuminate\View\View))
#18 /Users/marksutherland/Sites/marksuth.dev/vendor/laravel/framework/src/Illuminate/Routing/Router.php(821): Illuminate\Routing\Router->prepareResponse(Object(Illuminate\Http\Request), Object(Illuminate\View\View))
#19 /Users/marksutherland/Sites/marksuth.dev/vendor/laravel/framework/src/Illuminate/Pipeline/Pipeline.php(180): Illuminate\Routing\Router->{closure:Illuminate\Routing\Router::runRouteWithinStack():821}(Object(Illuminate\Http\Request))
#20 /Users/marksutherland/Sites/marksuth.dev/vendor/laravel/framework/src/Illuminate/Auth/Middleware/EnsureEmailIsVerified.php(41): Illuminate\Pipeline\Pipeline->{closure:Illuminate\Pipeline\Pipeline::prepareDestination():178}(Object(Illuminate\Http\Request))
#21 /Users/marksutherland/Sites/marksuth.dev/vendor/laravel/framework/src/Illuminate/Pipeline/Pipeline.php(219): Illuminate\Auth\Middleware\EnsureEmailIsVerified->handle(Object(Illuminate\Http\Request), Object(Closure))
#22 /Users/marksutherland/Sites/marksuth.dev/vendor/barryvdh/laravel-debugbar/src/Middleware/InjectDebugbar.php(59): Illuminate\Pipeline\Pipeline->{closure:{closure:Illuminate\Pipeline\Pipeline::carry():194}:195}(Object(Illuminate\Http\Request))
#23 /Users/marksutherland/Sites/marksuth.dev/vendor/laravel/framework/src/Illuminate/Pipeline/Pipeline.php(219): Barryvdh\Debugbar\Middleware\InjectDebugbar->handle(Object(Illuminate\Http\Request), Object(Closure))
#24 /Users/marksutherland/Sites/marksuth.dev/vendor/laravel/framework/src/Illuminate/Routing/Middleware/SubstituteBindings.php(50): Illuminate\Pipeline\Pipeline->{closure:{closure:Illuminate\Pipeline\Pipeline::carry():194}:195}(Object(Illuminate\Http\Request))
#25 /Users/marksutherland/Sites/marksuth.dev/vendor/laravel/framework/src/Illuminate/Pipeline/Pipeline.php(219): Illuminate\Routing\Middleware\SubstituteBindings->handle(Object(Illuminate\Http\Request), Object(Closure))
#26 /Users/marksutherland/Sites/marksuth.dev/vendor/laravel/framework/src/Illuminate/Auth/Middleware/Authenticate.php(63): Illuminate\Pipeline\Pipeline->{closure:{closure:Illuminate\Pipeline\Pipeline::carry():194}:195}(Object(Illuminate\Http\Request))
#27 /Users/marksutherland/Sites/marksuth.dev/vendor/laravel/framework/src/Illuminate/Pipeline/Pipeline.php(219): Illuminate\Auth\Middleware\Authenticate->handle(Object(Illuminate\Http\Request), Object(Closure))
#28 /Users/marksutherland/Sites/marksuth.dev/vendor/laravel/framework/src/Illuminate/Foundation/Http/Middleware/VerifyCsrfToken.php(87): Illuminate\Pipeline\Pipeline->{closure:{closure:Illuminate\Pipeline\Pipeline::carry():194}:195}(Object(Illuminate\Http\Request))
#29 /Users/marksutherland/Sites/marksuth.dev/vendor/laravel/framework/src/Illuminate/Pipeline/Pipeline.php(219): Illuminate\Foundation\Http\Middleware\VerifyCsrfToken->handle(Object(Illuminate\Http\Request), Object(Closure))
#30 /Users/marksutherland/Sites/marksuth.dev/vendor/laravel/framework/src/Illuminate/View/Middleware/ShareErrorsFromSession.php(48): Illuminate\Pipeline\Pipeline->{closure:{closure:Illuminate\Pipeline\Pipeline::carry():194}:195}(Object(Illuminate\Http\Request))
#31 /Users/marksutherland/Sites/marksuth.dev/vendor/laravel/framework/src/Illuminate/Pipeline/Pipeline.php(219): Illuminate\View\Middleware\ShareErrorsFromSession->handle(Object(Illuminate\Http\Request), Object(Closure))
#32 /Users/marksutherland/Sites/marksuth.dev/vendor/laravel/framework/src/Illuminate/Session/Middleware/StartSession.php(120): Illuminate\Pipeline\Pipeline->{closure:{closure:Illuminate\Pipeline\Pipeline::carry():194}:195}(Object(Illuminate\Http\Request))
#33 /Users/marksutherland/Sites/marksuth.dev/vendor/laravel/framework/src/Illuminate/Session/Middleware/StartSession.php(63): Illuminate\Session\Middleware\StartSession->handleStatefulRequest(Object(Illuminate\Http\Request), Object(Illuminate\Session\Store), Object(Closure))
#34 /Users/marksutherland/Sites/marksuth.dev/vendor/laravel/framework/src/Illuminate/Pipeline/Pipeline.php(219): Illuminate\Session\Middleware\StartSession->handle(Object(Illuminate\Http\Request), Object(Closure))
#35 /Users/marksutherland/Sites/marksuth.dev/vendor/laravel/framework/src/Illuminate/Cookie/Middleware/AddQueuedCookiesToResponse.php(36): Illuminate\Pipeline\Pipeline->{closure:{closure:Illuminate\Pipeline\Pipeline::carry():194}:195}(Object(Illuminate\Http\Request))
#36 /Users/marksutherland/Sites/marksuth.dev/vendor/laravel/framework/src/Illuminate/Pipeline/Pipeline.php(219): Illuminate\Cookie\Middleware\AddQueuedCookiesToResponse->handle(Object(Illuminate\Http\Request), Object(Closure))
#37 /Users/marksutherland/Sites/marksuth.dev/vendor/laravel/framework/src/Illuminate/Cookie/Middleware/EncryptCookies.php(74): Illuminate\Pipeline\Pipeline->{closure:{closure:Illuminate\Pipeline\Pipeline::carry():194}:195}(Object(Illuminate\Http\Request))
#38 /Users/marksutherland/Sites/marksuth.dev/vendor/laravel/framework/src/Illuminate/Pipeline/Pipeline.php(219): Illuminate\Cookie\Middleware\EncryptCookies->handle(Object(Illuminate\Http\Request), Object(Closure))
#39 /Users/marksutherland/Sites/marksuth.dev/vendor/laravel/framework/src/Illuminate/Pipeline/Pipeline.php(137): Illuminate\Pipeline\Pipeline->{closure:{closure:Illuminate\Pipeline\Pipeline::carry():194}:195}(Object(Illuminate\Http\Request))
#40 /Users/marksutherland/Sites/marksuth.dev/vendor/laravel/framework/src/Illuminate/Routing/Router.php(821): Illuminate\Pipeline\Pipeline->then(Object(Closure))
#41 /Users/marksutherland/Sites/marksuth.dev/vendor/laravel/framework/src/Illuminate/Routing/Router.php(800): Illuminate\Routing\Router->runRouteWithinStack(Object(Illuminate\Routing\Route), Object(Illuminate\Http\Request))
#42 /Users/marksutherland/Sites/marksuth.dev/vendor/laravel/framework/src/Illuminate/Routing/Router.php(764): Illuminate\Routing\Router->runRoute(Object(Illuminate\Http\Request), Object(Illuminate\Routing\Route))
#43 /Users/marksutherland/Sites/marksuth.dev/vendor/laravel/framework/src/Illuminate/Routing/Router.php(753): Illuminate\Routing\Router->dispatchToRoute(Object(Illuminate\Http\Request))
#44 /Users/marksutherland/Sites/marksuth.dev/vendor/laravel/framework/src/Illuminate/Foundation/Http/Kernel.php(200): Illuminate\Routing\Router->dispatch(Object(Illuminate\Http\Request))
#45 /Users/marksutherland/Sites/marksuth.dev/vendor/laravel/framework/src/Illuminate/Pipeline/Pipeline.php(180): Illuminate\Foundation\Http\Kernel->{closure:Illuminate\Foundation\Http\Kernel::dispatchToRouter():197}(Object(Illuminate\Http\Request))
#46 /Users/marksutherland/Sites/marksuth.dev/vendor/livewire/livewire/src/Features/SupportDisablingBackButtonCache/DisableBackButtonCacheMiddleware.php(19): Illuminate\Pipeline\Pipeline->{closure:Illuminate\Pipeline\Pipeline::prepareDestination():178}(Object(Illuminate\Http\Request))
#47 /Users/marksutherland/Sites/marksuth.dev/vendor/laravel/framework/src/Illuminate/Pipeline/Pipeline.php(219): Livewire\Features\SupportDisablingBackButtonCache\DisableBackButtonCacheMiddleware->handle(Object(Illuminate\Http\Request), Object(Closure))
#48 /Users/marksutherland/Sites/marksuth.dev/vendor/barryvdh/laravel-debugbar/src/Middleware/InjectDebugbar.php(59): Illuminate\Pipeline\Pipeline->{closure:{closure:Illuminate\Pipeline\Pipeline::carry():194}:195}(Object(Illuminate\Http\Request))
#49 /Users/marksutherland/Sites/marksuth.dev/vendor/laravel/framework/src/Illuminate/Pipeline/Pipeline.php(219): Barryvdh\Debugbar\Middleware\InjectDebugbar->handle(Object(Illuminate\Http\Request), Object(Closure))
#50 /Users/marksutherland/Sites/marksuth.dev/vendor/laravel/framework/src/Illuminate/Foundation/Http/Middleware/TransformsRequest.php(21): Illuminate\Pipeline\Pipeline->{closure:{closure:Illuminate\Pipeline\Pipeline::carry():194}:195}(Object(Illuminate\Http\Request))
#51 /Users/marksutherland/Sites/marksuth.dev/vendor/laravel/framework/src/Illuminate/Foundation/Http/Middleware/ConvertEmptyStringsToNull.php(31): Illuminate\Foundation\Http\Middleware\TransformsRequest->handle(Object(Illuminate\Http\Request), Object(Closure))
#52 /Users/marksutherland/Sites/marksuth.dev/vendor/laravel/framework/src/Illuminate/Pipeline/Pipeline.php(219): Illuminate\Foundation\Http\Middleware\ConvertEmptyStringsToNull->handle(Object(Illuminate\Http\Request), Object(Closure))
#53 /Users/marksutherland/Sites/marksuth.dev/vendor/laravel/framework/src/Illuminate/Foundation/Http/Middleware/TransformsRequest.php(21): Illuminate\Pipeline\Pipeline->{closure:{closure:Illuminate\Pipeline\Pipeline::carry():194}:195}(Object(Illuminate\Http\Request))
#54 /Users/marksutherland/Sites/marksuth.dev/vendor/laravel/framework/src/Illuminate/Foundation/Http/Middleware/TrimStrings.php(51): Illuminate\Foundation\Http\Middleware\TransformsRequest->handle(Object(Illuminate\Http\Request), Object(Closure))
#55 /Users/marksutherland/Sites/marksuth.dev/vendor/laravel/framework/src/Illuminate/Pipeline/Pipeline.php(219): Illuminate\Foundation\Http\Middleware\TrimStrings->handle(Object(Illuminate\Http\Request), Object(Closure))
#56 /Users/marksutherland/Sites/marksuth.dev/vendor/laravel/framework/src/Illuminate/Http/Middleware/ValidatePostSize.php(27): Illuminate\Pipeline\Pipeline->{closure:{closure:Illuminate\Pipeline\Pipeline::carry():194}:195}(Object(Illuminate\Http\Request))
#57 /Users/marksutherland/Sites/marksuth.dev/vendor/laravel/framework/src/Illuminate/Pipeline/Pipeline.php(219): Illuminate\Http\Middleware\ValidatePostSize->handle(Object(Illuminate\Http\Request), Object(Closure))
#58 /Users/marksutherland/Sites/marksuth.dev/vendor/laravel/framework/src/Illuminate/Foundation/Http/Middleware/PreventRequestsDuringMaintenance.php(109): Illuminate\Pipeline\Pipeline->{closure:{closure:Illuminate\Pipeline\Pipeline::carry():194}:195}(Object(Illuminate\Http\Request))
#59 /Users/marksutherland/Sites/marksuth.dev/vendor/laravel/framework/src/Illuminate/Pipeline/Pipeline.php(219): Illuminate\Foundation\Http\Middleware\PreventRequestsDuringMaintenance->handle(Object(Illuminate\Http\Request), Object(Closure))
#60 /Users/marksutherland/Sites/marksuth.dev/vendor/laravel/framework/src/Illuminate/Http/Middleware/HandleCors.php(48): Illuminate\Pipeline\Pipeline->{closure:{closure:Illuminate\Pipeline\Pipeline::carry():194}:195}(Object(Illuminate\Http\Request))
#61 /Users/marksutherland/Sites/marksuth.dev/vendor/laravel/framework/src/Illuminate/Pipeline/Pipeline.php(219): Illuminate\Http\Middleware\HandleCors->handle(Object(Illuminate\Http\Request), Object(Closure))
#62 /Users/marksutherland/Sites/marksuth.dev/vendor/laravel/framework/src/Illuminate/Http/Middleware/TrustProxies.php(58): Illuminate\Pipeline\Pipeline->{closure:{closure:Illuminate\Pipeline\Pipeline::carry():194}:195}(Object(Illuminate\Http\Request))
#63 /Users/marksutherland/Sites/marksuth.dev/vendor/laravel/framework/src/Illuminate/Pipeline/Pipeline.php(219): Illuminate\Http\Middleware\TrustProxies->handle(Object(Illuminate\Http\Request), Object(Closure))
#64 /Users/marksutherland/Sites/marksuth.dev/vendor/laravel/framework/src/Illuminate/Foundation/Http/Middleware/InvokeDeferredCallbacks.php(22): Illuminate\Pipeline\Pipeline->{closure:{closure:Illuminate\Pipeline\Pipeline::carry():194}:195}(Object(Illuminate\Http\Request))
#65 /Users/marksutherland/Sites/marksuth.dev/vendor/laravel/framework/src/Illuminate/Pipeline/Pipeline.php(219): Illuminate\Foundation\Http\Middleware\InvokeDeferredCallbacks->handle(Object(Illuminate\Http\Request), Object(Closure))
#66 /Users/marksutherland/Sites/marksuth.dev/vendor/laravel/framework/src/Illuminate/Http/Middleware/ValidatePathEncoding.php(26): Illuminate\Pipeline\Pipeline->{closure:{closure:Illuminate\Pipeline\Pipeline::carry():194}:195}(Object(Illuminate\Http\Request))
#67 /Users/marksutherland/Sites/marksuth.dev/vendor/laravel/framework/src/Illuminate/Pipeline/Pipeline.php(219): Illuminate\Http\Middleware\ValidatePathEncoding->handle(Object(Illuminate\Http\Request), Object(Closure))
#68 /Users/marksutherland/Sites/marksuth.dev/vendor/laravel/framework/src/Illuminate/Pipeline/Pipeline.php(137): Illuminate\Pipeline\Pipeline->{closure:{closure:Illuminate\Pipeline\Pipeline::carry():194}:195}(Object(Illuminate\Http\Request))
#69 /Users/marksutherland/Sites/marksuth.dev/vendor/laravel/framework/src/Illuminate/Foundation/Http/Kernel.php(175): Illuminate\Pipeline\Pipeline->then(Object(Closure))
#70 /Users/marksutherland/Sites/marksuth.dev/vendor/laravel/framework/src/Illuminate/Foundation/Http/Kernel.php(144): Illuminate\Foundation\Http\Kernel->sendRequestThroughRouter(Object(Illuminate\Http\Request))
#71 /Users/marksutherland/Sites/marksuth.dev/vendor/laravel/framework/src/Illuminate/Foundation/Testing/Concerns/MakesHttpRequests.php(607): Illuminate\Foundation\Http\Kernel->handle(Object(Illuminate\Http\Request))
#72 /Users/marksutherland/Sites/marksuth.dev/vendor/laravel/framework/src/Illuminate/Foundation/Testing/Concerns/MakesHttpRequests.php(368): Illuminate\Foundation\Testing\TestCase->call('GET', '/backend/posts/...', Array, Array, Array, Array)
#73 /Users/marksutherland/Sites/marksuth.dev/tests/Feature/Backend/PostControllerTest.php(25): Illuminate\Foundation\Testing\TestCase->get('/backend/posts/...')
#74 /Users/marksutherland/Sites/marksuth.dev/vendor/pestphp/pest/src/Factories/TestCaseMethodFactory.php(168): P\Tests\Feature\Backend\PostControllerTest->{closure:/Users/marksutherland/Sites/marksuth.dev/tests/Feature/Backend/PostControllerTest.php:23}()
#75 [internal function]: P\Tests\Feature\Backend\PostControllerTest->{closure:Pest\Factories\TestCaseMethodFactory::getClosure():158}()
#76 /Users/marksutherland/Sites/marksuth.dev/vendor/pestphp/pest/src/Concerns/Testable.php(419): call_user_func_array(Object(Closure), Array)
#77 /Users/marksutherland/Sites/marksuth.dev/vendor/pestphp/pest/src/Support/ExceptionTrace.php(26): P\Tests\Feature\Backend\PostControllerTest->{closure:Pest\Concerns\Testable::__callClosure():419}()
#78 /Users/marksutherland/Sites/marksuth.dev/vendor/pestphp/pest/src/Concerns/Testable.php(419): Pest\Support\ExceptionTrace::ensure(Object(Closure))
#79 /Users/marksutherland/Sites/marksuth.dev/vendor/pestphp/pest/src/Concerns/Testable.php(321): P\Tests\Feature\Backend\PostControllerTest->__callClosure(Object(Closure), Array)
#80 /Users/marksutherland/Sites/marksuth.dev/vendor/pestphp/pest/src/Factories/TestCaseFactory.php(169) : eval()'d code(26): P\Tests\Feature\Backend\PostControllerTest->__runTest(Object(Closure))
#81 /Users/marksutherland/Sites/marksuth.dev/vendor/phpunit/phpunit/src/Framework/TestCase.php(1656): P\Tests\Feature\Backend\PostControllerTest->__pest_evaluable_it_can_show_the_create_post_form()
#82 /Users/marksutherland/Sites/marksuth.dev/vendor/phpunit/phpunit/src/Framework/TestCase.php(514): PHPUnit\Framework\TestCase->runTest()
#83 /Users/marksutherland/Sites/marksuth.dev/vendor/phpunit/phpunit/src/Framework/TestRunner/TestRunner.php(87): PHPUnit\Framework\TestCase->runBare()
#84 /Users/marksutherland/Sites/marksuth.dev/vendor/phpunit/phpunit/src/Framework/TestCase.php(361): PHPUnit\Framework\TestRunner->run(Object(P\Tests\Feature\Backend\PostControllerTest))
#85 /Users/marksutherland/Sites/marksuth.dev/vendor/phpunit/phpunit/src/Framework/TestSuite.php(369): PHPUnit\Framework\TestCase->run()
#86 /Users/marksutherland/Sites/marksuth.dev/vendor/phpunit/phpunit/src/TextUI/TestRunner.php(64): PHPUnit\Framework\TestSuite->run()
#87 /Users/marksutherland/Sites/marksuth.dev/vendor/phpunit/phpunit/src/TextUI/Application.php(211): PHPUnit\TextUI\TestRunner->run(Object(PHPUnit\TextUI\Configuration\Configuration), Object(PHPUnit\Runner\ResultCache\DefaultResultCache), Object(PHPUnit\Framework\TestSuite))
#88 /Users/marksutherland/Sites/marksuth.dev/vendor/pestphp/pest/src/Kernel.php(103): PHPUnit\TextUI\Application->run(Array)
#89 /Users/marksutherland/Sites/marksuth.dev/vendor/pestphp/pest/bin/pest(184): Pest\Kernel->handle(Array, Array)
#90 /Users/marksutherland/Sites/marksuth.dev/vendor/pestphp/pest/bin/pest(192): {closure:/Users/marksutherland/Sites/marksuth.dev/vendor/pestphp/pest/bin/pest:18}()
#91 {main}

----------------------------------------------------------------------------------

Unable to find component: [post-editor]

  at tests/Feature/Backend/PostControllerTest.php:26
     22▕ 
     23▕ it('can show the create post form', function () {
     24▕     $this->actingAs($this->user)
     25▕         ->get('/backend/posts/create')
  ➜  26▕         ->assertOk()
     27▕         ->assertViewIs('backend.posts.manage')
     28▕         ->assertViewHas('title', 'Create Post');
     29▕ });
     30▕

  ────────────────────────────────────────────────────────────────────────────  
   FAILED  Tests\Feature\Backend\PostControllerTest > it can show the edit p…   
  Expected response status code [200] but received 500.
Failed asserting that 500 is identical to 200.

The following exception occurred during the last request:

Livewire\Exceptions\ComponentNotFoundException: Unable to find component: [post-editor] in /Users/marksutherland/Sites/marksuth.dev/vendor/livewire/livewire/src/Mechanisms/ComponentRegistry.php:116
Stack trace:
#0 /Users/marksutherland/Sites/marksuth.dev/vendor/livewire/livewire/src/Mechanisms/ComponentRegistry.php(25): Livewire\Mechanisms\ComponentRegistry->getNameAndClass('post-editor')
#1 /Users/marksutherland/Sites/marksuth.dev/vendor/livewire/livewire/src/LivewireManager.php(58): Livewire\Mechanisms\ComponentRegistry->new('post-editor', NULL)
#2 /Users/marksutherland/Sites/marksuth.dev/vendor/livewire/livewire/src/Mechanisms/HandleComponents/HandleComponents.php(43): Livewire\LivewireManager->new('post-editor')
#3 /Users/marksutherland/Sites/marksuth.dev/vendor/livewire/livewire/src/LivewireManager.php(73): Livewire\Mechanisms\HandleComponents\HandleComponents->mount('post-editor', Array, 'lw-912373981-0')
#4 /Users/marksutherland/Sites/marksuth.dev/storage/framework/views/90cdead86b52b6999935a798616ca2bf.php(14): Livewire\LivewireManager->mount('post-editor', Array, 'lw-912373981-0')
#5 /Users/marksutherland/Sites/marksuth.dev/vendor/laravel/framework/src/Illuminate/Filesystem/Filesystem.php(123): require('/Users/marksuth...')
#6 /Users/marksutherland/Sites/marksuth.dev/vendor/laravel/framework/src/Illuminate/Filesystem/Filesystem.php(124): Illuminate\Filesystem\Filesystem::{closure:Illuminate\Filesystem\Filesystem::getRequire():120}()
#7 /Users/marksutherland/Sites/marksuth.dev/vendor/laravel/framework/src/Illuminate/View/Engines/PhpEngine.php(57): Illuminate\Filesystem\Filesystem->getRequire('/Users/marksuth...', Array)
#8 /Users/marksutherland/Sites/marksuth.dev/vendor/livewire/livewire/src/Mechanisms/ExtendBlade/ExtendedCompilerEngine.php(22): Illuminate\View\Engines\PhpEngine->evaluatePath('/Users/marksuth...', Array)
#9 /Users/marksutherland/Sites/marksuth.dev/vendor/laravel/framework/src/Illuminate/View/Engines/CompilerEngine.php(76): Livewire\Mechanisms\ExtendBlade\ExtendedCompilerEngine->evaluatePath('/Users/marksuth...', Array)
#10 /Users/marksutherland/Sites/marksuth.dev/vendor/livewire/livewire/src/Mechanisms/ExtendBlade/ExtendedCompilerEngine.php(10): Illuminate\View\Engines\CompilerEngine->get('/Users/marksuth...', Array)
#11 /Users/marksutherland/Sites/marksuth.dev/vendor/laravel/framework/src/Illuminate/View/View.php(208): Livewire\Mechanisms\ExtendBlade\ExtendedCompilerEngine->get('/Users/marksuth...', Array)
#12 /Users/marksutherland/Sites/marksuth.dev/vendor/laravel/framework/src/Illuminate/View/View.php(191): Illuminate\View\View->getContents()
#13 /Users/marksutherland/Sites/marksuth.dev/vendor/laravel/framework/src/Illuminate/View/View.php(160): Illuminate\View\View->renderContents()
#14 /Users/marksutherland/Sites/marksuth.dev/vendor/laravel/framework/src/Illuminate/Http/Response.php(78): Illuminate\View\View->render()
#15 /Users/marksutherland/Sites/marksuth.dev/vendor/laravel/framework/src/Illuminate/Http/Response.php(34): Illuminate\Http\Response->setContent(Object(Illuminate\View\View))
#16 /Users/marksutherland/Sites/marksuth.dev/vendor/laravel/framework/src/Illuminate/Routing/Router.php(939): Illuminate\Http\Response->__construct(Object(Illuminate\View\View), 200, Array)
#17 /Users/marksutherland/Sites/marksuth.dev/vendor/laravel/framework/src/Illuminate/Routing/Router.php(906): Illuminate\Routing\Router::toResponse(Object(Illuminate\Http\Request), Object(Illuminate\View\View))
#18 /Users/marksutherland/Sites/marksuth.dev/vendor/laravel/framework/src/Illuminate/Routing/Router.php(821): Illuminate\Routing\Router->prepareResponse(Object(Illuminate\Http\Request), Object(Illuminate\View\View))
#19 /Users/marksutherland/Sites/marksuth.dev/vendor/laravel/framework/src/Illuminate/Pipeline/Pipeline.php(180): Illuminate\Routing\Router->{closure:Illuminate\Routing\Router::runRouteWithinStack():821}(Object(Illuminate\Http\Request))
#20 /Users/marksutherland/Sites/marksuth.dev/vendor/laravel/framework/src/Illuminate/Auth/Middleware/EnsureEmailIsVerified.php(41): Illuminate\Pipeline\Pipeline->{closure:Illuminate\Pipeline\Pipeline::prepareDestination():178}(Object(Illuminate\Http\Request))
#21 /Users/marksutherland/Sites/marksuth.dev/vendor/laravel/framework/src/Illuminate/Pipeline/Pipeline.php(219): Illuminate\Auth\Middleware\EnsureEmailIsVerified->handle(Object(Illuminate\Http\Request), Object(Closure))
#22 /Users/marksutherland/Sites/marksuth.dev/vendor/barryvdh/laravel-debugbar/src/Middleware/InjectDebugbar.php(59): Illuminate\Pipeline\Pipeline->{closure:{closure:Illuminate\Pipeline\Pipeline::carry():194}:195}(Object(Illuminate\Http\Request))
#23 /Users/marksutherland/Sites/marksuth.dev/vendor/laravel/framework/src/Illuminate/Pipeline/Pipeline.php(219): Barryvdh\Debugbar\Middleware\InjectDebugbar->handle(Object(Illuminate\Http\Request), Object(Closure))
#24 /Users/marksutherland/Sites/marksuth.dev/vendor/laravel/framework/src/Illuminate/Routing/Middleware/SubstituteBindings.php(50): Illuminate\Pipeline\Pipeline->{closure:{closure:Illuminate\Pipeline\Pipeline::carry():194}:195}(Object(Illuminate\Http\Request))
#25 /Users/marksutherland/Sites/marksuth.dev/vendor/laravel/framework/src/Illuminate/Pipeline/Pipeline.php(219): Illuminate\Routing\Middleware\SubstituteBindings->handle(Object(Illuminate\Http\Request), Object(Closure))
#26 /Users/marksutherland/Sites/marksuth.dev/vendor/laravel/framework/src/Illuminate/Auth/Middleware/Authenticate.php(63): Illuminate\Pipeline\Pipeline->{closure:{closure:Illuminate\Pipeline\Pipeline::carry():194}:195}(Object(Illuminate\Http\Request))
#27 /Users/marksutherland/Sites/marksuth.dev/vendor/laravel/framework/src/Illuminate/Pipeline/Pipeline.php(219): Illuminate\Auth\Middleware\Authenticate->handle(Object(Illuminate\Http\Request), Object(Closure))
#28 /Users/marksutherland/Sites/marksuth.dev/vendor/laravel/framework/src/Illuminate/Foundation/Http/Middleware/VerifyCsrfToken.php(87): Illuminate\Pipeline\Pipeline->{closure:{closure:Illuminate\Pipeline\Pipeline::carry():194}:195}(Object(Illuminate\Http\Request))
#29 /Users/marksutherland/Sites/marksuth.dev/vendor/laravel/framework/src/Illuminate/Pipeline/Pipeline.php(219): Illuminate\Foundation\Http\Middleware\VerifyCsrfToken->handle(Object(Illuminate\Http\Request), Object(Closure))
#30 /Users/marksutherland/Sites/marksuth.dev/vendor/laravel/framework/src/Illuminate/View/Middleware/ShareErrorsFromSession.php(48): Illuminate\Pipeline\Pipeline->{closure:{closure:Illuminate\Pipeline\Pipeline::carry():194}:195}(Object(Illuminate\Http\Request))
#31 /Users/marksutherland/Sites/marksuth.dev/vendor/laravel/framework/src/Illuminate/Pipeline/Pipeline.php(219): Illuminate\View\Middleware\ShareErrorsFromSession->handle(Object(Illuminate\Http\Request), Object(Closure))
#32 /Users/marksutherland/Sites/marksuth.dev/vendor/laravel/framework/src/Illuminate/Session/Middleware/StartSession.php(120): Illuminate\Pipeline\Pipeline->{closure:{closure:Illuminate\Pipeline\Pipeline::carry():194}:195}(Object(Illuminate\Http\Request))
#33 /Users/marksutherland/Sites/marksuth.dev/vendor/laravel/framework/src/Illuminate/Session/Middleware/StartSession.php(63): Illuminate\Session\Middleware\StartSession->handleStatefulRequest(Object(Illuminate\Http\Request), Object(Illuminate\Session\Store), Object(Closure))
#34 /Users/marksutherland/Sites/marksuth.dev/vendor/laravel/framework/src/Illuminate/Pipeline/Pipeline.php(219): Illuminate\Session\Middleware\StartSession->handle(Object(Illuminate\Http\Request), Object(Closure))
#35 /Users/marksutherland/Sites/marksuth.dev/vendor/laravel/framework/src/Illuminate/Cookie/Middleware/AddQueuedCookiesToResponse.php(36): Illuminate\Pipeline\Pipeline->{closure:{closure:Illuminate\Pipeline\Pipeline::carry():194}:195}(Object(Illuminate\Http\Request))
#36 /Users/marksutherland/Sites/marksuth.dev/vendor/laravel/framework/src/Illuminate/Pipeline/Pipeline.php(219): Illuminate\Cookie\Middleware\AddQueuedCookiesToResponse->handle(Object(Illuminate\Http\Request), Object(Closure))
#37 /Users/marksutherland/Sites/marksuth.dev/vendor/laravel/framework/src/Illuminate/Cookie/Middleware/EncryptCookies.php(74): Illuminate\Pipeline\Pipeline->{closure:{closure:Illuminate\Pipeline\Pipeline::carry():194}:195}(Object(Illuminate\Http\Request))
#38 /Users/marksutherland/Sites/marksuth.dev/vendor/laravel/framework/src/Illuminate/Pipeline/Pipeline.php(219): Illuminate\Cookie\Middleware\EncryptCookies->handle(Object(Illuminate\Http\Request), Object(Closure))
#39 /Users/marksutherland/Sites/marksuth.dev/vendor/laravel/framework/src/Illuminate/Pipeline/Pipeline.php(137): Illuminate\Pipeline\Pipeline->{closure:{closure:Illuminate\Pipeline\Pipeline::carry():194}:195}(Object(Illuminate\Http\Request))
#40 /Users/marksutherland/Sites/marksuth.dev/vendor/laravel/framework/src/Illuminate/Routing/Router.php(821): Illuminate\Pipeline\Pipeline->then(Object(Closure))
#41 /Users/marksutherland/Sites/marksuth.dev/vendor/laravel/framework/src/Illuminate/Routing/Router.php(800): Illuminate\Routing\Router->runRouteWithinStack(Object(Illuminate\Routing\Route), Object(Illuminate\Http\Request))
#42 /Users/marksutherland/Sites/marksuth.dev/vendor/laravel/framework/src/Illuminate/Routing/Router.php(764): Illuminate\Routing\Router->runRoute(Object(Illuminate\Http\Request), Object(Illuminate\Routing\Route))
#43 /Users/marksutherland/Sites/marksuth.dev/vendor/laravel/framework/src/Illuminate/Routing/Router.php(753): Illuminate\Routing\Router->dispatchToRoute(Object(Illuminate\Http\Request))
#44 /Users/marksutherland/Sites/marksuth.dev/vendor/laravel/framework/src/Illuminate/Foundation/Http/Kernel.php(200): Illuminate\Routing\Router->dispatch(Object(Illuminate\Http\Request))
#45 /Users/marksutherland/Sites/marksuth.dev/vendor/laravel/framework/src/Illuminate/Pipeline/Pipeline.php(180): Illuminate\Foundation\Http\Kernel->{closure:Illuminate\Foundation\Http\Kernel::dispatchToRouter():197}(Object(Illuminate\Http\Request))
#46 /Users/marksutherland/Sites/marksuth.dev/vendor/livewire/livewire/src/Features/SupportDisablingBackButtonCache/DisableBackButtonCacheMiddleware.php(19): Illuminate\Pipeline\Pipeline->{closure:Illuminate\Pipeline\Pipeline::prepareDestination():178}(Object(Illuminate\Http\Request))
#47 /Users/marksutherland/Sites/marksuth.dev/vendor/laravel/framework/src/Illuminate/Pipeline/Pipeline.php(219): Livewire\Features\SupportDisablingBackButtonCache\DisableBackButtonCacheMiddleware->handle(Object(Illuminate\Http\Request), Object(Closure))
#48 /Users/marksutherland/Sites/marksuth.dev/vendor/barryvdh/laravel-debugbar/src/Middleware/InjectDebugbar.php(59): Illuminate\Pipeline\Pipeline->{closure:{closure:Illuminate\Pipeline\Pipeline::carry():194}:195}(Object(Illuminate\Http\Request))
#49 /Users/marksutherland/Sites/marksuth.dev/vendor/laravel/framework/src/Illuminate/Pipeline/Pipeline.php(219): Barryvdh\Debugbar\Middleware\InjectDebugbar->handle(Object(Illuminate\Http\Request), Object(Closure))
#50 /Users/marksutherland/Sites/marksuth.dev/vendor/laravel/framework/src/Illuminate/Foundation/Http/Middleware/TransformsRequest.php(21): Illuminate\Pipeline\Pipeline->{closure:{closure:Illuminate\Pipeline\Pipeline::carry():194}:195}(Object(Illuminate\Http\Request))
#51 /Users/marksutherland/Sites/marksuth.dev/vendor/laravel/framework/src/Illuminate/Foundation/Http/Middleware/ConvertEmptyStringsToNull.php(31): Illuminate\Foundation\Http\Middleware\TransformsRequest->handle(Object(Illuminate\Http\Request), Object(Closure))
#52 /Users/marksutherland/Sites/marksuth.dev/vendor/laravel/framework/src/Illuminate/Pipeline/Pipeline.php(219): Illuminate\Foundation\Http\Middleware\ConvertEmptyStringsToNull->handle(Object(Illuminate\Http\Request), Object(Closure))
#53 /Users/marksutherland/Sites/marksuth.dev/vendor/laravel/framework/src/Illuminate/Foundation/Http/Middleware/TransformsRequest.php(21): Illuminate\Pipeline\Pipeline->{closure:{closure:Illuminate\Pipeline\Pipeline::carry():194}:195}(Object(Illuminate\Http\Request))
#54 /Users/marksutherland/Sites/marksuth.dev/vendor/laravel/framework/src/Illuminate/Foundation/Http/Middleware/TrimStrings.php(51): Illuminate\Foundation\Http\Middleware\TransformsRequest->handle(Object(Illuminate\Http\Request), Object(Closure))
#55 /Users/marksutherland/Sites/marksuth.dev/vendor/laravel/framework/src/Illuminate/Pipeline/Pipeline.php(219): Illuminate\Foundation\Http\Middleware\TrimStrings->handle(Object(Illuminate\Http\Request), Object(Closure))
#56 /Users/marksutherland/Sites/marksuth.dev/vendor/laravel/framework/src/Illuminate/Http/Middleware/ValidatePostSize.php(27): Illuminate\Pipeline\Pipeline->{closure:{closure:Illuminate\Pipeline\Pipeline::carry():194}:195}(Object(Illuminate\Http\Request))
#57 /Users/marksutherland/Sites/marksuth.dev/vendor/laravel/framework/src/Illuminate/Pipeline/Pipeline.php(219): Illuminate\Http\Middleware\ValidatePostSize->handle(Object(Illuminate\Http\Request), Object(Closure))
#58 /Users/marksutherland/Sites/marksuth.dev/vendor/laravel/framework/src/Illuminate/Foundation/Http/Middleware/PreventRequestsDuringMaintenance.php(109): Illuminate\Pipeline\Pipeline->{closure:{closure:Illuminate\Pipeline\Pipeline::carry():194}:195}(Object(Illuminate\Http\Request))
#59 /Users/marksutherland/Sites/marksuth.dev/vendor/laravel/framework/src/Illuminate/Pipeline/Pipeline.php(219): Illuminate\Foundation\Http\Middleware\PreventRequestsDuringMaintenance->handle(Object(Illuminate\Http\Request), Object(Closure))
#60 /Users/marksutherland/Sites/marksuth.dev/vendor/laravel/framework/src/Illuminate/Http/Middleware/HandleCors.php(48): Illuminate\Pipeline\Pipeline->{closure:{closure:Illuminate\Pipeline\Pipeline::carry():194}:195}(Object(Illuminate\Http\Request))
#61 /Users/marksutherland/Sites/marksuth.dev/vendor/laravel/framework/src/Illuminate/Pipeline/Pipeline.php(219): Illuminate\Http\Middleware\HandleCors->handle(Object(Illuminate\Http\Request), Object(Closure))
#62 /Users/marksutherland/Sites/marksuth.dev/vendor/laravel/framework/src/Illuminate/Http/Middleware/TrustProxies.php(58): Illuminate\Pipeline\Pipeline->{closure:{closure:Illuminate\Pipeline\Pipeline::carry():194}:195}(Object(Illuminate\Http\Request))
#63 /Users/marksutherland/Sites/marksuth.dev/vendor/laravel/framework/src/Illuminate/Pipeline/Pipeline.php(219): Illuminate\Http\Middleware\TrustProxies->handle(Object(Illuminate\Http\Request), Object(Closure))
#64 /Users/marksutherland/Sites/marksuth.dev/vendor/laravel/framework/src/Illuminate/Foundation/Http/Middleware/InvokeDeferredCallbacks.php(22): Illuminate\Pipeline\Pipeline->{closure:{closure:Illuminate\Pipeline\Pipeline::carry():194}:195}(Object(Illuminate\Http\Request))
#65 /Users/marksutherland/Sites/marksuth.dev/vendor/laravel/framework/src/Illuminate/Pipeline/Pipeline.php(219): Illuminate\Foundation\Http\Middleware\InvokeDeferredCallbacks->handle(Object(Illuminate\Http\Request), Object(Closure))
#66 /Users/marksutherland/Sites/marksuth.dev/vendor/laravel/framework/src/Illuminate/Http/Middleware/ValidatePathEncoding.php(26): Illuminate\Pipeline\Pipeline->{closure:{closure:Illuminate\Pipeline\Pipeline::carry():194}:195}(Object(Illuminate\Http\Request))
#67 /Users/marksutherland/Sites/marksuth.dev/vendor/laravel/framework/src/Illuminate/Pipeline/Pipeline.php(219): Illuminate\Http\Middleware\ValidatePathEncoding->handle(Object(Illuminate\Http\Request), Object(Closure))
#68 /Users/marksutherland/Sites/marksuth.dev/vendor/laravel/framework/src/Illuminate/Pipeline/Pipeline.php(137): Illuminate\Pipeline\Pipeline->{closure:{closure:Illuminate\Pipeline\Pipeline::carry():194}:195}(Object(Illuminate\Http\Request))
#69 /Users/marksutherland/Sites/marksuth.dev/vendor/laravel/framework/src/Illuminate/Foundation/Http/Kernel.php(175): Illuminate\Pipeline\Pipeline->then(Object(Closure))
#70 /Users/marksutherland/Sites/marksuth.dev/vendor/laravel/framework/src/Illuminate/Foundation/Http/Kernel.php(144): Illuminate\Foundation\Http\Kernel->sendRequestThroughRouter(Object(Illuminate\Http\Request))
#71 /Users/marksutherland/Sites/marksuth.dev/vendor/laravel/framework/src/Illuminate/Foundation/Testing/Concerns/MakesHttpRequests.php(607): Illuminate\Foundation\Http\Kernel->handle(Object(Illuminate\Http\Request))
#72 /Users/marksutherland/Sites/marksuth.dev/vendor/laravel/framework/src/Illuminate/Foundation/Testing/Concerns/MakesHttpRequests.php(368): Illuminate\Foundation\Testing\TestCase->call('GET', '/backend/posts/...', Array, Array, Array, Array)
#73 /Users/marksutherland/Sites/marksuth.dev/tests/Feature/Backend/PostControllerTest.php(49): Illuminate\Foundation\Testing\TestCase->get('/backend/posts/...')
#74 /Users/marksutherland/Sites/marksuth.dev/vendor/pestphp/pest/src/Factories/TestCaseMethodFactory.php(168): P\Tests\Feature\Backend\PostControllerTest->{closure:/Users/marksutherland/Sites/marksuth.dev/tests/Feature/Backend/PostControllerTest.php:45}()
#75 [internal function]: P\Tests\Feature\Backend\PostControllerTest->{closure:Pest\Factories\TestCaseMethodFactory::getClosure():158}()
#76 /Users/marksutherland/Sites/marksuth.dev/vendor/pestphp/pest/src/Concerns/Testable.php(419): call_user_func_array(Object(Closure), Array)
#77 /Users/marksutherland/Sites/marksuth.dev/vendor/pestphp/pest/src/Support/ExceptionTrace.php(26): P\Tests\Feature\Backend\PostControllerTest->{closure:Pest\Concerns\Testable::__callClosure():419}()
#78 /Users/marksutherland/Sites/marksuth.dev/vendor/pestphp/pest/src/Concerns/Testable.php(419): Pest\Support\ExceptionTrace::ensure(Object(Closure))
#79 /Users/marksutherland/Sites/marksuth.dev/vendor/pestphp/pest/src/Concerns/Testable.php(321): P\Tests\Feature\Backend\PostControllerTest->__callClosure(Object(Closure), Array)
#80 /Users/marksutherland/Sites/marksuth.dev/vendor/pestphp/pest/src/Factories/TestCaseFactory.php(169) : eval()'d code(44): P\Tests\Feature\Backend\PostControllerTest->__runTest(Object(Closure))
#81 /Users/marksutherland/Sites/marksuth.dev/vendor/phpunit/phpunit/src/Framework/TestCase.php(1656): P\Tests\Feature\Backend\PostControllerTest->__pest_evaluable_it_can_show_the_edit_post_form()
#82 /Users/marksutherland/Sites/marksuth.dev/vendor/phpunit/phpunit/src/Framework/TestCase.php(514): PHPUnit\Framework\TestCase->runTest()
#83 /Users/marksutherland/Sites/marksuth.dev/vendor/phpunit/phpunit/src/Framework/TestRunner/TestRunner.php(87): PHPUnit\Framework\TestCase->runBare()
#84 /Users/marksutherland/Sites/marksuth.dev/vendor/phpunit/phpunit/src/Framework/TestCase.php(361): PHPUnit\Framework\TestRunner->run(Object(P\Tests\Feature\Backend\PostControllerTest))
#85 /Users/marksutherland/Sites/marksuth.dev/vendor/phpunit/phpunit/src/Framework/TestSuite.php(369): PHPUnit\Framework\TestCase->run()
#86 /Users/marksutherland/Sites/marksuth.dev/vendor/phpunit/phpunit/src/TextUI/TestRunner.php(64): PHPUnit\Framework\TestSuite->run()
#87 /Users/marksutherland/Sites/marksuth.dev/vendor/phpunit/phpunit/src/TextUI/Application.php(211): PHPUnit\TextUI\TestRunner->run(Object(PHPUnit\TextUI\Configuration\Configuration), Object(PHPUnit\Runner\ResultCache\DefaultResultCache), Object(PHPUnit\Framework\TestSuite))
#88 /Users/marksutherland/Sites/marksuth.dev/vendor/pestphp/pest/src/Kernel.php(103): PHPUnit\TextUI\Application->run(Array)
#89 /Users/marksutherland/Sites/marksuth.dev/vendor/pestphp/pest/bin/pest(184): Pest\Kernel->handle(Array, Array)
#90 /Users/marksutherland/Sites/marksuth.dev/vendor/pestphp/pest/bin/pest(192): {closure:/Users/marksutherland/Sites/marksuth.dev/vendor/pestphp/pest/bin/pest:18}()
#91 {main}

----------------------------------------------------------------------------------

Unable to find component: [post-editor]

  at tests/Feature/Backend/PostControllerTest.php:50
     46▕     $post = Post::factory()->create();
     47▕ 
     48▕     $this->actingAs($this->user)
     49▕         ->get("/backend/posts/{$post->id}/edit")
  ➜  50▕         ->assertOk()
     51▕         ->assertViewIs('backend.posts.manage')
     52▕         ->assertViewHas('post')
     53▕         ->assertViewHas('title', 'Edit Post');
     54▕ });


  Tests:    2 failed, 4 passed (14 assertions)
  Duration: 0.69s

